// Jest Snapshot v1, https://goo.gl/fbAQLP

exports[`matches snapshot 1`] = `
<DocumentFragment>
  <div
    class="jsx-1141087211 "
    data-test="date-picker"
  >
    <label
      class="jsx-2718078600 "
      data-test="date-picker-label"
      for="file"
    >
      <span
        class="jsx-2718078600"
      >
        Start date
      </span>
    </label>
    <div
      class="jsx-3111771310 "
      data-test="date-picker-content"
    >
      <div
        class="jsx-2908043323 "
        data-test="dhis2-uicore-box"
      >
        <div
          class="jsx-3353877153 jsx-2422099811 input"
          data-test="dhis2-uicore-input"
        >
          <input
            class="jsx-3353877153 jsx-2422099811 "
            id="file"
            name="file"
            type="date"
            value="2020-02-10"
          />
        </div>
      </div>
    </div>
  </div>
</DocumentFragment>
`;
