// Jest Snapshot v1, https://goo.gl/fbAQLP

exports[`matches snapshot 1`] = `
<DocumentFragment>
  <div
    class="container"
    data-test="job-summary-job-details"
  >
    <span
      class="label"
    >
      Job details
    </span>
    <table
      class="jsx-2430604489 "
      data-test="dhis2-uicore-table"
    >
      <thead
        data-test="dhis2-uicore-tablehead"
      >
        <tr
          class="jsx-3124144591 zebraStriping"
          data-test="dhis2-uicore-tablerowhead"
        >
          <th
            class="jsx-1796049005 "
            data-test="dhis2-uicore-tablecellhead"
          >
            Key
          </th>
          <th
            class="jsx-1796049005 "
            data-test="dhis2-uicore-tablecellhead"
          >
            Value
          </th>
        </tr>
      </thead>
      <tbody
        data-test="dhis2-uicore-tablebody"
      >
        <tr
          class="jsx-3124144591 zebraStriping"
          data-test="dhis2-uicore-tablerow"
        >
          <td
            class="jsx-996330601 "
            data-test="dhis2-uicore-tablecell"
          >
            files
          </td>
          <td
            class="jsx-996330601 "
            data-test="dhis2-uicore-tablecell"
          >
            data1.json
          </td>
        </tr>
        <tr
          class="jsx-3124144591 zebraStriping"
          data-test="dhis2-uicore-tablerow"
        >
          <td
            class="jsx-996330601 "
            data-test="dhis2-uicore-tablecell"
          >
            format
          </td>
          <td
            class="jsx-996330601 "
            data-test="dhis2-uicore-tablecell"
          >
            JSON
          </td>
        </tr>
        <tr
          class="jsx-3124144591 zebraStriping"
          data-test="dhis2-uicore-tablerow"
        >
          <td
            class="jsx-996330601 "
            data-test="dhis2-uicore-tablecell"
          >
            dryRun
          </td>
          <td
            class="jsx-996330601 "
            data-test="dhis2-uicore-tablecell"
          >
            true
          </td>
        </tr>
        <tr
          class="jsx-3124144591 zebraStriping"
          data-test="dhis2-uicore-tablerow"
        >
          <td
            class="jsx-996330601 "
            data-test="dhis2-uicore-tablecell"
          >
            strategy
          </td>
          <td
            class="jsx-996330601 "
            data-test="dhis2-uicore-tablecell"
          >
            New and updates
          </td>
        </tr>
        <tr
          class="jsx-3124144591 zebraStriping"
          data-test="dhis2-uicore-tablerow"
        >
          <td
            class="jsx-996330601 "
            data-test="dhis2-uicore-tablecell"
          >
            preheatCache
          </td>
          <td
            class="jsx-996330601 "
            data-test="dhis2-uicore-tablecell"
          >
            true
          </td>
        </tr>
        <tr
          class="jsx-3124144591 zebraStriping"
          data-test="dhis2-uicore-tablerow"
        >
          <td
            class="jsx-996330601 "
            data-test="dhis2-uicore-tablecell"
          >
            skipAudit
          </td>
          <td
            class="jsx-996330601 "
            data-test="dhis2-uicore-tablecell"
          >
            false
          </td>
        </tr>
        <tr
          class="jsx-3124144591 zebraStriping"
          data-test="dhis2-uicore-tablerow"
        >
          <td
            class="jsx-996330601 "
            data-test="dhis2-uicore-tablecell"
          >
            dataElementIdScheme
          </td>
          <td
            class="jsx-996330601 "
            data-test="dhis2-uicore-tablecell"
          >
            Uid
          </td>
        </tr>
        <tr
          class="jsx-3124144591 zebraStriping"
          data-test="dhis2-uicore-tablerow"
        >
          <td
            class="jsx-996330601 "
            data-test="dhis2-uicore-tablecell"
          >
            orgUnitIdScheme
          </td>
          <td
            class="jsx-996330601 "
            data-test="dhis2-uicore-tablecell"
          >
            Uid
          </td>
        </tr>
        <tr
          class="jsx-3124144591 zebraStriping"
          data-test="dhis2-uicore-tablerow"
        >
          <td
            class="jsx-996330601 "
            data-test="dhis2-uicore-tablecell"
          >
            idScheme
          </td>
          <td
            class="jsx-996330601 "
            data-test="dhis2-uicore-tablecell"
          >
            Uid
          </td>
        </tr>
        <tr
          class="jsx-3124144591 zebraStriping"
          data-test="dhis2-uicore-tablerow"
        >
          <td
            class="jsx-996330601 "
            data-test="dhis2-uicore-tablecell"
          >
            skipExistingCheck
          </td>
          <td
            class="jsx-996330601 "
            data-test="dhis2-uicore-tablecell"
          >
            false
          </td>
        </tr>
        <tr
          class="jsx-3124144591 zebraStriping"
          data-test="dhis2-uicore-tablerow"
        >
          <td
            class="jsx-996330601 "
            data-test="dhis2-uicore-tablecell"
          >
            firstRowIsHeader
          </td>
          <td
            class="jsx-996330601 "
            data-test="dhis2-uicore-tablecell"
          >
            false
          </td>
        </tr>
      </tbody>
    </table>
  </div>
</DocumentFragment>
`;
