// Jest Snapshot v1, https://goo.gl/fbAQLP

exports[`matches snapshot 1`] = `
<DocumentFragment>
  <div
    class="container"
    data-test="job-summary-messages"
  >
    <span
      class="label"
    >
      Messages
    </span>
    <table
      class="jsx-2430604489 "
      data-test="dhis2-uicore-table"
    >
      <thead
        data-test="dhis2-uicore-tablehead"
      >
        <tr
          class="jsx-3124144591 zebraStriping"
          data-test="dhis2-uicore-tablerowhead"
        >
          <th
            class="jsx-1796049005 "
            data-test="dhis2-uicore-tablecellhead"
          >
            UID
          </th>
          <th
            class="jsx-1796049005 "
            data-test="dhis2-uicore-tablecellhead"
          >
            Type
          </th>
          <th
            class="jsx-1796049005 "
            data-test="dhis2-uicore-tablecellhead"
          >
            Property
          </th>
          <th
            class="jsx-1796049005 "
            data-test="dhis2-uicore-tablecellhead"
          >
            Message
          </th>
        </tr>
      </thead>
      <tbody
        data-test="dhis2-uicore-tablebody"
      >
        <tr
          class="jsx-3124144591 zebraStriping"
          data-test="dhis2-uicore-tablerow"
        >
          <td
            class="jsx-996330601 "
            data-test="dhis2-uicore-tablecell"
          >
            abc
          </td>
          <td
            class="jsx-996330601 "
            data-test="dhis2-uicore-tablecell"
          >
            DefaultGmlImportService
          </td>
          <td
            class="jsx-996330601 "
            data-test="dhis2-uicore-tablecell"
          >
            def
          </td>
          <td
            class="jsx-996330601 "
            data-test="dhis2-uicore-tablecell"
          >
            message one
          </td>
        </tr>
        <tr
          class="jsx-3124144591 zebraStriping"
          data-test="dhis2-uicore-tablerow"
        >
          <td
            class="jsx-996330601 "
            data-test="dhis2-uicore-tablecell"
          >
            xyz
          </td>
          <td
            class="jsx-996330601 "
            data-test="dhis2-uicore-tablecell"
          >
            SndGmlImportService
          </td>
          <td
            class="jsx-996330601 "
            data-test="dhis2-uicore-tablecell"
          >
            def
          </td>
          <td
            class="jsx-996330601 "
            data-test="dhis2-uicore-tablecell"
          >
            message one
          </td>
        </tr>
      </tbody>
    </table>
  </div>
</DocumentFragment>
`;
