// Jest Snapshot v1, https://goo.gl/fbAQLP

exports[`matches snapshot 1`] = `
<DocumentFragment>
  <table
    class="jsx-2430604489 "
    data-test="dhis2-uicore-table"
  >
    <thead
      data-test="dhis2-uicore-tablehead"
    >
      <tr
        class="jsx-3124144591 zebraStriping"
        data-test="dhis2-uicore-tablerowhead"
      >
        <th
          class="jsx-1796049005 "
          data-test="dhis2-uicore-tablecellhead"
        >
          Status
        </th>
        <th
          class="jsx-1796049005 "
          data-test="dhis2-uicore-tablecellhead"
        >
          Description
        </th>
      </tr>
    </thead>
    <tbody
      data-test="dhis2-uicore-tablebody"
    >
      <tr
        class="jsx-3124144591 zebraStriping"
        data-test="dhis2-uicore-tablerow"
      >
        <td
          class="jsx-996330601 "
          data-test="dhis2-uicore-tablecell"
        >
          WARNING
        </td>
        <td
          class="jsx-996330601 "
          data-test="dhis2-uicore-tablecell"
        >
          Import process completed successfully
        </td>
      </tr>
    </tbody>
  </table>
</DocumentFragment>
`;
