// Jest Snapshot v1, https://goo.gl/fbAQLP

exports[`matches snapshot when multiple alerts 1`] = `<DocumentFragment />`;

exports[`matches snapshot when no alerts 1`] = `<DocumentFragment />`;
