// Jest Snapshot v1, https://goo.gl/fbAQLP

exports[`matches snapshot 1`] = `
<DocumentFragment>
  <div
    class="container"
    data-test="format"
  >
    <span
      class="label"
    >
      Format
    </span>
  </div>
</DocumentFragment>
`;
