// Jest Snapshot v1, https://goo.gl/fbAQLP

exports[`matches snapshot 1`] = `
<DocumentFragment>
  <div
    class="container"
    data-test="select-object-type"
  >
    <span
      class="label"
    >
      Object type
    </span>
    <div
      class="select"
      data-test="select-object-type-container"
    >
      <div
        class="jsx-1141087211 "
        data-test="select-object-type-ssf"
      >
        <div
          class="jsx-3375842594 "
          data-test="select-object-type-ssf-content"
        >
          <div
            class="jsx-3415779570 "
            data-test="dhis2-uicore-box"
          >
            <div
              class="jsx-114080822 root"
              data-test="dhis2-uicore-singleselect"
            >
              <div
                class="jsx-114080822 root-input"
              >
                <div
                  data-test="dhis2-uicore-select"
                >
                  <div
                    class="jsx-1165050001 root"
                    data-test="dhis2-uicore-select-input"
                    tabindex="0"
                  >
                    <div
                      class="jsx-1165050001 root-children"
                    >
                      <div
                        class="jsx-2240447017 jsx-4123978364 root"
                      />
                    </div>
                    <div
                      class="jsx-1165050001 root-right"
                    >
                      <svg
                        height="16"
                        viewBox="0 0 16 16"
                        width="16"
                        xmlns="http://www.w3.org/2000/svg"
                      >
                        <path
                          d="M4.146 6.146a.5.5 0 01.638-.057l.07.057L8 9.293l3.146-3.147a.5.5 0 01.638-.057l.07.057a.5.5 0 01.057.638l-.057.07-3.5 3.5a.5.5 0 01-.638.057l-.07-.057-3.5-3.5a.5.5 0 010-.708z"
                          fill="currentColor"
                        />
                      </svg>
                    </div>
                  </div>
                </div>
              </div>
            </div>
          </div>
        </div>
      </div>
    </div>
  </div>
</DocumentFragment>
`;
