// Jest Snapshot v1, https://goo.gl/fbAQLP

exports[`matches snapshot 1`] = `
<DocumentFragment>
  <div
    class="container"
    data-test="radio-group-format"
  >
    <span
      class="label"
    >
      Format
    </span>
    <div
      class="horizontal"
    >
      <div>
        <label
          class="jsx-869913229 "
          data-test="radio-group-format-a"
        >
          <input
            checked=""
            class="jsx-869913229"
            name="format"
            type="radio"
            value="a"
          />
          <div
            class="jsx-869913229 icon"
          >
            <svg
              class="jsx-1260643562 jsx-1631270792 checked"
              viewBox="0 0 18 18"
              xmlns="http://www.w3.org/2000/svg"
            >
              <circle
                class="jsx-1260643562 jsx-1631270792 background"
                cx="9"
                cy="9"
                r="9"
              />
              <path
                class="jsx-1260643562 jsx-1631270792 outer"
                d="M9,18 C13.9705627,18 18,13.9705627 18,9 C18,4.02943725 13.9705627,0 9,0 C4.02943725,0 0,4.02943725 0,9 C0,13.9705627 4.02943725,18 9,18 Z M9,16 C5.13400675,16 2,12.8659932 2,9 C2,5.13400675 5.13400675,2 9,2 C12.8659932,2 16,5.13400675 16,9 C16,12.8659932 12.8659932,16 9,16 Z"
              />
              <circle
                class="jsx-1260643562 jsx-1631270792 inner"
                cx="9"
                cy="9"
                r="5"
              />
            </svg>
          </div>
          Abc
        </label>
      </div>
      <div>
        <label
          class="jsx-869913229 "
          data-test="radio-group-format-b"
        >
          <input
            class="jsx-869913229"
            name="format"
            type="radio"
            value="b"
          />
          <div
            class="jsx-869913229 icon"
          >
            <svg
              class="jsx-1260643562 jsx-1631270792 "
              viewBox="0 0 18 18"
              xmlns="http://www.w3.org/2000/svg"
            >
              <circle
                class="jsx-1260643562 jsx-1631270792 background"
                cx="9"
                cy="9"
                r="9"
              />
              <path
                class="jsx-1260643562 jsx-1631270792 outer"
                d="M9,18 C13.9705627,18 18,13.9705627 18,9 C18,4.02943725 13.9705627,0 9,0 C4.02943725,0 0,4.02943725 0,9 C0,13.9705627 4.02943725,18 9,18 Z M9,16 C5.13400675,16 2,12.8659932 2,9 C2,5.13400675 5.13400675,2 9,2 C12.8659932,2 16,5.13400675 16,9 C16,12.8659932 12.8659932,16 9,16 Z"
              />
              <circle
                class="jsx-1260643562 jsx-1631270792 inner"
                cx="9"
                cy="9"
                r="5"
              />
            </svg>
          </div>
          Def
        </label>
      </div>
      <div>
        <label
          class="jsx-869913229 "
          data-test="radio-group-format-c"
        >
          <input
            class="jsx-869913229"
            name="format"
            type="radio"
            value="c"
          />
          <div
            class="jsx-869913229 icon"
          >
            <svg
              class="jsx-1260643562 jsx-1631270792 "
              viewBox="0 0 18 18"
              xmlns="http://www.w3.org/2000/svg"
            >
              <circle
                class="jsx-1260643562 jsx-1631270792 background"
                cx="9"
                cy="9"
                r="9"
              />
              <path
                class="jsx-1260643562 jsx-1631270792 outer"
                d="M9,18 C13.9705627,18 18,13.9705627 18,9 C18,4.02943725 13.9705627,0 9,0 C4.02943725,0 0,4.02943725 0,9 C0,13.9705627 4.02943725,18 9,18 Z M9,16 C5.13400675,16 2,12.8659932 2,9 C2,5.13400675 5.13400675,2 9,2 C12.8659932,2 16,5.13400675 16,9 C16,12.8659932 12.8659932,16 9,16 Z"
              />
              <circle
                class="jsx-1260643562 jsx-1631270792 inner"
                cx="9"
                cy="9"
                r="5"
              />
            </svg>
          </div>
          Ghi
        </label>
      </div>
    </div>
  </div>
</DocumentFragment>
`;
